

================================================================
== Synthesis Summary Report of 'fft_kernel'
================================================================
+ General Information: 
    * Date:           Mon Jun  1 09:29:35 2026
    * Version:        2024.1 (Build 5069499 on May 21 2024)
    * Project:        hls_component
    * Solution:       hls (Vivado IP Flow Target)
    * Product family: virtexuplusHBM
    * Target device:  xcvu47p-fsvh2892-2-e
    

+ Performance & Resource Estimates: 
    
    PS: '+' for module; 'o' for loop; '*' for dataflow
    +-------------------------------------------+------+------+---------+-----------+----------+---------+------+----------+----------+---------+------------+------------+-----+
    |                  Modules                  | Issue|      | Latency |  Latency  | Iteration|         | Trip |          |          |         |            |            |     |
    |                  & Loops                  | Type | Slack| (cycles)|    (ns)   |  Latency | Interval| Count| Pipelined|   BRAM   |   DSP   |     FF     |     LUT    | URAM|
    +-------------------------------------------+------+------+---------+-----------+----------+---------+------+----------+----------+---------+------------+------------+-----+
    |+ fft_kernel                               |     -|  0.00|  1290414|  3.871e+06|         -|  1290415|     -|        no|  19 (~0%)|  6 (~0%)|  4921 (~0%)|  5532 (~0%)|    -|
    | o VITIS_LOOP_47_1                         |     -|  2.19|  1290400|  3.871e+06|     25808|        -|    50|        no|         -|        -|           -|           -|    -|
    |  + fft_kernel_Pipeline_VITIS_LOOP_49_2    |     -|  0.00|     1027|  3.081e+03|         -|     1027|     -|        no|         -|        -|   102 (~0%)|    97 (~0%)|    -|
    |   o VITIS_LOOP_49_2                       |     -|  2.19|     1025|  3.075e+03|         3|        1|  1024|       yes|         -|        -|           -|           -|    -|
    |  + fft_kernel_Pipeline_VITIS_LOOP_55_3    |     -|  0.09|     1030|  3.090e+03|         -|     1030|     -|        no|   1 (~0%)|  2 (~0%)|   451 (~0%)|   188 (~0%)|    -|
    |   o VITIS_LOOP_55_3                       |     -|  2.19|     1028|  3.084e+03|         6|        1|  1024|       yes|         -|        -|           -|           -|    -|
    |  + fft_kernel_Pipeline_VITIS_LOOP_62_4    |     -|  0.60|     1027|  3.081e+03|         -|     1027|     -|        no|         -|        -|   100 (~0%)|    75 (~0%)|    -|
    |   o VITIS_LOOP_62_4                       |     -|  2.19|     1025|  3.075e+03|         3|        1|  1024|       yes|         -|        -|           -|           -|    -|
    |  + fft_kernel_Pipeline_VITIS_LOOP_69_5    |     -|  0.60|     1027|  3.081e+03|         -|     1027|     -|        no|         -|        -|   102 (~0%)|    75 (~0%)|    -|
    |   o VITIS_LOOP_69_5                       |     -|  2.19|     1025|  3.075e+03|         3|        1|  1024|       yes|         -|        -|           -|           -|    -|
    |  + fft_kernel_Pipeline_VITIS_LOOP_116_9   |     -|  0.00|     1027|  3.081e+03|         -|     1027|     -|        no|         -|        -|    80 (~0%)|    97 (~0%)|    -|
    |   o VITIS_LOOP_116_9                      |     -|  2.19|     1025|  3.075e+03|         3|        1|  1024|       yes|         -|        -|           -|           -|    -|
    |  o VITIS_LOOP_75_6                        |     -|  2.19|    20660|  6.198e+04|      2066|        -|    10|        no|         -|        -|           -|           -|    -|
    |   + fft_kernel_Pipeline_VITIS_LOOP_80_7   |     -|  0.09|     1034|  3.102e+03|         -|     1034|     -|        no|   2 (~0%)|  2 (~0%)|   778 (~0%)|   731 (~0%)|    -|
    |    o VITIS_LOOP_80_7                      |    II|  2.19|     1032|  3.096e+03|        11|        2|   512|       yes|         -|        -|           -|           -|    -|
    |   + fft_kernel_Pipeline_VITIS_LOOP_109_8  |     -|  0.60|     1027|  3.081e+03|         -|     1027|     -|        no|         -|        -|   102 (~0%)|    75 (~0%)|    -|
    |    o VITIS_LOOP_109_8                     |     -|  2.19|     1025|  3.075e+03|         3|        1|  1024|       yes|         -|        -|           -|           -|    -|
    +-------------------------------------------+------+------+---------+-----------+----------+---------+------+----------+----------+---------+------------+------------+-----+


================================================================
== HW Interfaces
================================================================
* M_AXI
+-------------+------------+------------+---------------+---------+--------+----------+-----------+--------------+--------------+-------------+-------------+-------------------+
| Interface   | Read/Write | Data Width | Address Width | Latency | Offset | Register | Max Widen | Max Read     | Max Write    | Num Read    | Num Write   | Resource Estimate |
|             |            | (SW->HW)   |               |         |        |          | Bitwidth  | Burst Length | Burst Length | Outstanding | Outstanding |                   |
+-------------+------------+------------+---------------+---------+--------+----------+-----------+--------------+--------------+-------------+-------------+-------------------+
| m_axi_gmem0 | READ_ONLY  | 32 -> 32   | 64            | 0       | slave  | 0        | 0         | 16           | 16           | 16          | 16          | BRAM=1            |
| m_axi_gmem1 | READ_ONLY  | 32 -> 32   | 64            | 0       | slave  | 0        | 0         | 16           | 16           | 16          | 16          | BRAM=1            |
| m_axi_gmem2 | WRITE_ONLY | 32 -> 32   | 64            | 0       | slave  | 0        | 0         | 16           | 16           | 16          | 16          | BRAM=1            |
| m_axi_gmem3 | WRITE_ONLY | 32 -> 32   | 64            | 0       | slave  | 0        | 0         | 16           | 16           | 16          | 16          | BRAM=1            |
+-------------+------------+------------+---------------+---------+--------+----------+-----------+--------------+--------------+-------------+-------------+-------------------+

* S_AXILITE Interfaces
+---------------+------------+---------------+--------+----------+
| Interface     | Data Width | Address Width | Offset | Register |
+---------------+------------+---------------+--------+----------+
| s_axi_control | 32         | 6             | 16     | 0        |
+---------------+------------+---------------+--------+----------+

* S_AXILITE Registers
+---------------+---------------+--------+-------+--------+----------------------------------+----------------------------------------------------------------------+
| Interface     | Register      | Offset | Width | Access | Description                      | Bit Fields                                                           |
+---------------+---------------+--------+-------+--------+----------------------------------+----------------------------------------------------------------------+
| s_axi_control | CTRL          | 0x00   | 32    | RW     | Control signals                  | 0=AP_START 1=AP_DONE 2=AP_IDLE 3=AP_READY 7=AUTO_RESTART 9=INTERRUPT |
| s_axi_control | GIER          | 0x04   | 32    | RW     | Global Interrupt Enable Register | 0=Enable                                                             |
| s_axi_control | IP_IER        | 0x08   | 32    | RW     | IP Interrupt Enable Register     | 0=CHAN0_INT_EN 1=CHAN1_INT_EN                                        |
| s_axi_control | IP_ISR        | 0x0c   | 32    | RW     | IP Interrupt Status Register     | 0=CHAN0_INT_ST 1=CHAN1_INT_ST                                        |
| s_axi_control | input_real_1  | 0x10   | 32    | W      | Data signal of input_real        |                                                                      |
| s_axi_control | input_real_2  | 0x14   | 32    | W      | Data signal of input_real        |                                                                      |
| s_axi_control | input_imag_1  | 0x1c   | 32    | W      | Data signal of input_imag        |                                                                      |
| s_axi_control | input_imag_2  | 0x20   | 32    | W      | Data signal of input_imag        |                                                                      |
| s_axi_control | output_real_1 | 0x28   | 32    | W      | Data signal of output_real       |                                                                      |
| s_axi_control | output_real_2 | 0x2c   | 32    | W      | Data signal of output_real       |                                                                      |
| s_axi_control | output_imag_1 | 0x34   | 32    | W      | Data signal of output_imag       |                                                                      |
| s_axi_control | output_imag_2 | 0x38   | 32    | W      | Data signal of output_imag       |                                                                      |
+---------------+---------------+--------+-------+--------+----------------------------------+----------------------------------------------------------------------+

* TOP LEVEL CONTROL
+-----------+------------+-----------+
| Interface | Type       | Ports     |
+-----------+------------+-----------+
| ap_clk    | clock      | ap_clk    |
| ap_rst_n  | reset      | ap_rst_n  |
| interrupt | interrupt  | interrupt |
| ap_ctrl   | ap_ctrl_hs |           |
+-----------+------------+-----------+


================================================================
== SW I/O Information
================================================================
* Top Function Arguments
+-------------+-----------+----------+
| Argument    | Direction | Datatype |
+-------------+-----------+----------+
| input_real  | in        | int*     |
| input_imag  | in        | int*     |
| output_real | out       | int*     |
| output_imag | out       | int*     |
+-------------+-----------+----------+

* SW-to-HW Mapping
+-------------+---------------+-----------+----------+-----------------------------------------+
| Argument    | HW Interface  | HW Type   | HW Usage | HW Info                                 |
+-------------+---------------+-----------+----------+-----------------------------------------+
| input_real  | m_axi_gmem0   | interface |          | channel=0                               |
| input_real  | s_axi_control | register  | offset   | name=input_real_1 offset=0x10 range=32  |
| input_real  | s_axi_control | register  | offset   | name=input_real_2 offset=0x14 range=32  |
| input_imag  | m_axi_gmem1   | interface |          | channel=0                               |
| input_imag  | s_axi_control | register  | offset   | name=input_imag_1 offset=0x1c range=32  |
| input_imag  | s_axi_control | register  | offset   | name=input_imag_2 offset=0x20 range=32  |
| output_real | m_axi_gmem2   | interface |          | channel=0                               |
| output_real | s_axi_control | register  | offset   | name=output_real_1 offset=0x28 range=32 |
| output_real | s_axi_control | register  | offset   | name=output_real_2 offset=0x2c range=32 |
| output_imag | m_axi_gmem3   | interface |          | channel=0                               |
| output_imag | s_axi_control | register  | offset   | name=output_imag_1 offset=0x34 range=32 |
| output_imag | s_axi_control | register  | offset   | name=output_imag_2 offset=0x38 range=32 |
+-------------+---------------+-----------+----------+-----------------------------------------+


================================================================
== M_AXI Burst Information
================================================================
 Note: All burst requests might be further partitioned into multiple requests during RTL generation based on max_read_burst_length or max_write_burst_length settings.

* Inferred Burst Summary
+--------------+-----------+--------+-------+-----------------+--------------------------------------+
| HW Interface | Direction | Length | Width | Loop            | Loop Location                        |
+--------------+-----------+--------+-------+-----------------+--------------------------------------+
| m_axi_gmem0  | read      | 51200  | 32    | VITIS_LOOP_47_1 | ../../../../src/fft_kernel.cpp:47:19 |
| m_axi_gmem1  | read      | 51200  | 32    | VITIS_LOOP_47_1 | ../../../../src/fft_kernel.cpp:47:19 |
| m_axi_gmem2  | write     | 51200  | 32    | VITIS_LOOP_47_1 | ../../../../src/fft_kernel.cpp:47:19 |
| m_axi_gmem3  | write     | 51200  | 32    | VITIS_LOOP_47_1 | ../../../../src/fft_kernel.cpp:47:19 |
+--------------+-----------+--------+-------+-----------------+--------------------------------------+

* All M_AXI Variable Accesses
+--------------+-------------+---------------------------------------+-----------+--------------+--------+------------------+---------------------------------------+------------+-------------------------------------------------------------------------------------------------------+
| HW Interface | Variable    | Access Location                       | Direction | Burst Status | Length | Loop             | Loop Location                         | Resolution | Problem                                                                                               |
+--------------+-------------+---------------------------------------+-----------+--------------+--------+------------------+---------------------------------------+------------+-------------------------------------------------------------------------------------------------------+
| m_axi_gmem0  | input_real  | ../../../../src/fft_kernel.cpp:51:12  | read      | Widen Fail   |        | VITIS_LOOP_49_2  | ../../../../src/fft_kernel.cpp:49:26  | 214-353    | Could not widen since type i32 size is greater than or equal to the max_widen_bitwidth threshold of 0 |
| m_axi_gmem0  | input_real  | ../../../../src/fft_kernel.cpp:51:12  | read      | Inferred     | 51200  | VITIS_LOOP_47_1  | ../../../../src/fft_kernel.cpp:47:19  |            |                                                                                                       |
| m_axi_gmem1  | input_imag  | ../../../../src/fft_kernel.cpp:52:23  | read      | Widen Fail   |        | VITIS_LOOP_49_2  | ../../../../src/fft_kernel.cpp:49:26  | 214-353    | Could not widen since type i32 size is greater than or equal to the max_widen_bitwidth threshold of 0 |
| m_axi_gmem1  | input_imag  | ../../../../src/fft_kernel.cpp:52:23  | read      | Inferred     | 51200  | VITIS_LOOP_47_1  | ../../../../src/fft_kernel.cpp:47:19  |            |                                                                                                       |
| m_axi_gmem2  | output_real | ../../../../src/fft_kernel.cpp:118:28 | write     | Widen Fail   |        | VITIS_LOOP_116_9 | ../../../../src/fft_kernel.cpp:116:27 | 214-353    | Could not widen since type i32 size is greater than or equal to the max_widen_bitwidth threshold of 0 |
| m_axi_gmem2  | output_real | ../../../../src/fft_kernel.cpp:118:28 | write     | Inferred     | 51200  | VITIS_LOOP_47_1  | ../../../../src/fft_kernel.cpp:47:19  |            |                                                                                                       |
| m_axi_gmem3  | output_imag | ../../../../src/fft_kernel.cpp:119:39 | write     | Widen Fail   |        | VITIS_LOOP_116_9 | ../../../../src/fft_kernel.cpp:116:27 | 214-353    | Could not widen since type i32 size is greater than or equal to the max_widen_bitwidth threshold of 0 |
| m_axi_gmem3  | output_imag | ../../../../src/fft_kernel.cpp:119:39 | write     | Inferred     | 51200  | VITIS_LOOP_47_1  | ../../../../src/fft_kernel.cpp:47:19  |            |                                                                                                       |
+--------------+-------------+---------------------------------------+-----------+--------------+--------+------------------+---------------------------------------+------------+-------------------------------------------------------------------------------------------------------+

    * Resolution URL: docs.xilinx.com/access/sources/dita/topic?Doc_Version=2024.1%20English&url=ug1448-hls-guidance&resourceid=XXX-YYY.html (replace XXX-YYY with column value)

================================================================
== Bind Op Report
================================================================
+-----------------------------------------+-----+--------+-------------+---------+-----------+---------+
| Name                                    | DSP | Pragma | Variable    | Op      | Impl      | Latency |
+-----------------------------------------+-----+--------+-------------+---------+-----------+---------+
| + fft_kernel                            | 6   |        |             |         |           |         |
|   mul_32s_16s_32_3_1_U45                |     |        | empty_36    | adapter | m_axi     | 0       |
|   icmp_ln47_fu_396_p2                   |     |        | icmp_ln47   | seteq   | auto      | 0       |
|   add_ln47_fu_402_p2                    |     |        | add_ln47    | add     | fabric    | 0       |
|   icmp_ln75_fu_408_p2                   |     |        | icmp_ln75   | seteq   | auto      | 0       |
|   s_1_fu_414_p2                         |     |        | s_1         | add     | fabric    | 0       |
|   half_stride_fu_424_p2                 |     |        | half_stride | shl     | auto_pipe | 0       |
|   sub_ln78_fu_444_p2                    |     |        | sub_ln78    | sub     | fabric    | 0       |
|   sub78_fu_434_p2                       |     |        | sub78       | add     | fabric    | 0       |
|  + fft_kernel_Pipeline_VITIS_LOOP_49_2  | 0   |        |             |         |           |         |
|    icmp_ln49_fu_140_p2                  |     |        | icmp_ln49   | seteq   | auto      | 0       |
|    add_ln49_fu_146_p2                   |     |        | add_ln49    | add     | fabric    | 0       |
|  + fft_kernel_Pipeline_VITIS_LOOP_55_3  | 2   |        |             |         |           |         |
|    icmp_ln55_fu_111_p2                  |     |        | icmp_ln55   | seteq   | auto      | 0       |
|    add_ln55_fu_117_p2                   |     |        | add_ln55    | add     | fabric    | 0       |
|    mul_32s_15ns_32_3_1_U8               | 2   |        | mul_ln59    | mul     | auto      | 2       |
|  + fft_kernel_Pipeline_VITIS_LOOP_62_4  | 0   |        |             |         |           |         |
|    icmp_ln62_fu_116_p2                  |     |        | icmp_ln62   | seteq   | auto      | 0       |
|    add_ln62_fu_122_p2                   |     |        | add_ln62    | add     | fabric    | 0       |
|  + fft_kernel_Pipeline_VITIS_LOOP_69_5  | 0   |        |             |         |           |         |
|    icmp_ln69_fu_112_p2                  |     |        | icmp_ln69   | seteq   | auto      | 0       |
|    add_ln69_fu_118_p2                   |     |        | add_ln69    | add     | fabric    | 0       |
|  + fft_kernel_Pipeline_VITIS_LOOP_116_9 | 0   |        |             |         |           |         |
|    icmp_ln116_fu_140_p2                 |     |        | icmp_ln116  | seteq   | auto      | 0       |
|    add_ln116_fu_146_p2                  |     |        | add_ln116   | add     | fabric    | 0       |
|  + fft_kernel_Pipeline_VITIS_LOOP_80_7  | 2   |        |             |         |           |         |
|    icmp_ln80_fu_250_p2                  |     |        | icmp_ln80   | seteq   | auto      | 0       |
|    k_2_fu_256_p2                        |     |        | k_2         | add     | fabric    | 0       |
|    group_fu_266_p2                      |     |        | group       | lshr    | auto_pipe | 0       |
|    pos_fu_272_p2                        |     |        | pos         | and     | auto      | 0       |
|    shl_ln85_fu_282_p2                   |     |        | shl_ln85    | shl     | auto_pipe | 0       |
|    top_fu_296_p2                        |     |        | top         | add     | fabric    | 0       |
|    bot_fu_312_p2                        |     |        | bot         | add     | fabric    | 0       |
|    tw_idx_fu_301_p2                     |     |        | tw_idx      | shl     | auto_pipe | 0       |
|    mul_32s_16s_32_3_1_U22               | 2   |        | mul_ln98    | mul     | auto      | 2       |
|    sub_ln98_fu_334_p2                   |     |        | sub_ln98    | sub     | fabric    | 0       |
|    mul_32s_16s_32_3_1_U22               | 2   |        | mul_ln101_1 | mul     | auto      | 2       |
|    add_ln101_fu_353_p2                  |     |        | add_ln101   | add     | fabric    | 0       |
|    add_ln103_fu_369_p2                  |     |        | add_ln103   | add     | fabric    | 0       |
|    add_ln104_fu_383_p2                  |     |        | add_ln104   | add     | fabric    | 0       |
|    sub_ln105_fu_375_p2                  |     |        | sub_ln105   | sub     | fabric    | 0       |
|    sub_ln106_fu_389_p2                  |     |        | sub_ln106   | sub     | fabric    | 0       |
|  + fft_kernel_Pipeline_VITIS_LOOP_109_8 | 0   |        |             |         |           |         |
|    icmp_ln109_fu_112_p2                 |     |        | icmp_ln109  | seteq   | auto      | 0       |
|    add_ln109_fu_118_p2                  |     |        | add_ln109   | add     | fabric    | 0       |
+-----------------------------------------+-----+--------+-------------+---------+-----------+---------+


================================================================
== Storage Report
================================================================
+----------------------------------------+--------------+-----------+------+------+--------+----------+------+---------+------------------+
| Name                                   | Usage        | Type      | BRAM | URAM | Pragma | Variable | Impl | Latency | Bitwidth, Depth, |
|                                        |              |           |      |      |        |          |      |         | Banks            |
+----------------------------------------+--------------+-----------+------+------+--------+----------+------+---------+------------------+
| + fft_kernel                           |              |           | 19   | 0    |        |          |      |         |                  |
|   control_s_axi_U                      | interface    | s_axilite |      |      |        |          |      |         |                  |
|   gmem0_m_axi_U                        | interface    | m_axi     | 1    |      |        |          |      |         |                  |
|   gmem1_m_axi_U                        | interface    | m_axi     | 1    |      |        |          |      |         |                  |
|   gmem2_m_axi_U                        | interface    | m_axi     | 1    |      |        |          |      |         |                  |
|   gmem3_m_axi_U                        | interface    | m_axi     | 1    |      |        |          |      |         |                  |
|   real_U                               | ram_2p array |           | 2    |      | yes    | real     | bram | 1       | 32, 1024, 1      |
|   imag_U                               | ram_2p array |           | 2    |      | yes    | imag     | bram | 1       | 32, 1024, 1      |
|   tmp_real_U                           | ram_2p array |           | 2    |      | yes    | tmp_real | bram | 1       | 32, 1024, 1      |
|   tmp_imag_U                           | ram_2p array |           | 2    |      | yes    | tmp_imag | bram | 1       | 32, 1024, 1      |
|   out_real_U                           | ram_2p array |           | 2    |      | yes    | out_real | bram | 1       | 32, 1024, 1      |
|   out_imag_U                           | ram_2p array |           | 2    |      | yes    | out_imag | bram | 1       | 32, 1024, 1      |
|  + fft_kernel_Pipeline_VITIS_LOOP_55_3 |              |           | 1    | 0    |        |          |      |         |                  |
|    hamming_U                           | rom_1p       |           | 1    |      |        | hamming  | auto | 1       | 15, 1024, 1      |
|  + fft_kernel_Pipeline_VITIS_LOOP_80_7 |              |           | 2    | 0    |        |          |      |         |                  |
|    twR_U                               | rom_1p       |           | 1    |      |        | twR      | auto | 1       | 16, 512, 1       |
|    twI_U                               | rom_1p       |           | 1    |      |        | twI      | auto | 1       | 15, 512, 1       |
+----------------------------------------+--------------+-----------+------+------+--------+----------+------+---------+------------------+


================================================================
== Pragma Report
================================================================
* Valid Pragma Syntax
+--------------+--------------------------------------------------+--------------------------------------------------------------+
| Type         | Options                                          | Location                                                     |
+--------------+--------------------------------------------------+--------------------------------------------------------------+
| interface    | m_axi port=input_real offset=slave bundle=gmem0  | ../../../../src/fft_kernel.cpp:22 in fft_kernel, input_real  |
| interface    | m_axi port=input_imag offset=slave bundle=gmem1  | ../../../../src/fft_kernel.cpp:23 in fft_kernel, input_imag  |
| interface    | m_axi port=output_real offset=slave bundle=gmem2 | ../../../../src/fft_kernel.cpp:24 in fft_kernel, output_real |
| interface    | m_axi port=output_imag offset=slave bundle=gmem3 | ../../../../src/fft_kernel.cpp:25 in fft_kernel, output_imag |
| interface    | s_axilite port=input_real bundle=control         | ../../../../src/fft_kernel.cpp:27 in fft_kernel, input_real  |
| interface    | s_axilite port=input_imag bundle=control         | ../../../../src/fft_kernel.cpp:28 in fft_kernel, input_imag  |
| interface    | s_axilite port=output_real bundle=control        | ../../../../src/fft_kernel.cpp:29 in fft_kernel, output_real |
| interface    | s_axilite port=output_imag bundle=control        | ../../../../src/fft_kernel.cpp:30 in fft_kernel, output_imag |
| interface    | s_axilite port=return bundle=control             | ../../../../src/fft_kernel.cpp:31 in fft_kernel, return      |
| bind_storage | variable=real type=ram_2p impl=bram              | ../../../../src/fft_kernel.cpp:40 in fft_kernel, real        |
| bind_storage | variable=imag type=ram_2p impl=bram              | ../../../../src/fft_kernel.cpp:41 in fft_kernel, imag        |
| bind_storage | variable=tmp_real type=ram_2p impl=bram          | ../../../../src/fft_kernel.cpp:42 in fft_kernel, tmp_real    |
| bind_storage | variable=tmp_imag type=ram_2p impl=bram          | ../../../../src/fft_kernel.cpp:43 in fft_kernel, tmp_imag    |
| bind_storage | variable=out_real type=ram_2p impl=bram          | ../../../../src/fft_kernel.cpp:44 in fft_kernel, out_real    |
| bind_storage | variable=out_imag type=ram_2p impl=bram          | ../../../../src/fft_kernel.cpp:45 in fft_kernel, out_imag    |
| pipeline     | II=1                                             | ../../../../src/fft_kernel.cpp:50 in fft_kernel              |
| pipeline     | II=1                                             | ../../../../src/fft_kernel.cpp:56 in fft_kernel              |
| pipeline     | II=1                                             | ../../../../src/fft_kernel.cpp:63 in fft_kernel              |
| pipeline     | II=1                                             | ../../../../src/fft_kernel.cpp:70 in fft_kernel              |
| pipeline     | II=1                                             | ../../../../src/fft_kernel.cpp:81 in fft_kernel              |
| pipeline     | II=1                                             | ../../../../src/fft_kernel.cpp:110 in fft_kernel             |
| pipeline     | II=1                                             | ../../../../src/fft_kernel.cpp:117 in fft_kernel             |
+--------------+--------------------------------------------------+--------------------------------------------------------------+


