

================================================================
== Vitis HLS Report for 'fft_kernel_Pipeline_VITIS_LOOP_80_7'
================================================================
* Date:           Mon Jun  1 09:29:34 2026

* Version:        2024.1 (Build 5069499 on May 21 2024)
* Project:        hls_component
* Solution:       hls (Vivado IP Flow Target)
* Product family: virtexuplusHBM
* Target device:  xcvu47p-fsvh2892-2-e


================================================================
== Performance Estimates
================================================================
+ Timing: 
    * Summary: 
    +--------+---------+----------+------------+
    |  Clock |  Target | Estimated| Uncertainty|
    +--------+---------+----------+------------+
    |ap_clk  |  3.00 ns|  2.100 ns|     0.81 ns|
    +--------+---------+----------+------------+

+ Latency: 
    * Summary: 
    +---------+---------+----------+----------+------+------+-----------------------------------------------+
    |  Latency (cycles) |  Latency (absolute) |   Interval  |                    Pipeline                   |
    |   min   |   max   |    min   |    max   |  min |  max |                      Type                     |
    +---------+---------+----------+----------+------+------+-----------------------------------------------+
    |     1034|     1034|  3.102 us|  3.102 us|  1026|  1026|  loop auto-rewind stp(delay=0 clock cycles(s))|
    +---------+---------+----------+----------+------+------+-----------------------------------------------+

    + Detail: 
        * Instance: 
        N/A

        * Loop: 
        +-------------------+---------+---------+----------+-----------+-----------+------+----------+
        |                   |  Latency (cycles) | Iteration|  Initiation Interval  | Trip |          |
        |     Loop Name     |   min   |   max   |  Latency |  achieved |   target  | Count| Pipelined|
        +-------------------+---------+---------+----------+-----------+-----------+------+----------+
        |- VITIS_LOOP_80_7  |     1032|     1032|        11|          2|          1|   512|       yes|
        +-------------------+---------+---------+----------+-----------+-----------+------+----------+



================================================================
== Utilization Estimates
================================================================
* Summary: 
+---------------------+---------+------+---------+---------+-----+
|         Name        | BRAM_18K|  DSP |    FF   |   LUT   | URAM|
+---------------------+---------+------+---------+---------+-----+
|DSP                  |        -|     -|        -|        -|    -|
|Expression           |        -|     -|        0|      374|    -|
|FIFO                 |        -|     -|        -|        -|    -|
|Instance             |        -|     2|      166|       49|    -|
|Memory               |        2|     -|        0|        0|    -|
|Multiplexer          |        -|     -|        0|      244|    -|
|Register             |        -|     -|      612|       64|    -|
+---------------------+---------+------+---------+---------+-----+
|Total                |        2|     2|      778|      731|    0|
+---------------------+---------+------+---------+---------+-----+
|Available SLR        |     1344|  3008|   869120|   434560|  320|
+---------------------+---------+------+---------+---------+-----+
|Utilization SLR (%)  |       ~0|    ~0|       ~0|       ~0|    0|
+---------------------+---------+------+---------+---------+-----+
|Available            |     4032|  9024|  2607360|  1303680|  960|
+---------------------+---------+------+---------+---------+-----+
|Utilization (%)      |       ~0|    ~0|       ~0|       ~0|    0|
+---------------------+---------+------+---------+---------+-----+

+ Detail: 
    * Instance: 
    +------------------------+--------------------+---------+----+-----+----+-----+
    |        Instance        |       Module       | BRAM_18K| DSP|  FF | LUT| URAM|
    +------------------------+--------------------+---------+----+-----+----+-----+
    |mul_32s_16s_32_3_1_U22  |mul_32s_16s_32_3_1  |        0|   2|  166|  49|    0|
    +------------------------+--------------------+---------+----+-----+----+-----+
    |Total                   |                    |        0|   2|  166|  49|    0|
    +------------------------+--------------------+---------+----+-----+----+-----+

    * DSP: 
    N/A

    * Memory: 
    +-------+-----------------------------------------------------+---------+---+----+-----+------+-----+------+-------------+
    | Memory|                        Module                       | BRAM_18K| FF| LUT| URAM| Words| Bits| Banks| W*Bits*Banks|
    +-------+-----------------------------------------------------+---------+---+----+-----+------+-----+------+-------------+
    |twI_U  |fft_kernel_Pipeline_VITIS_LOOP_80_7_twI_ROM_AUTO_1R  |        1|  0|   0|    0|   512|   15|     1|         7680|
    |twR_U  |fft_kernel_Pipeline_VITIS_LOOP_80_7_twR_ROM_AUTO_1R  |        1|  0|   0|    0|   512|   16|     1|         8192|
    +-------+-----------------------------------------------------+---------+---+----+-----+------+-----+------+-------------+
    |Total  |                                                     |        2|  0|   0|    0|  1024|   31|     2|        15872|
    +-------+-----------------------------------------------------+---------+---+----+-----+------+-----+------+-------------+

    * FIFO: 
    N/A

    * Expression: 
    +---------------------+----------+----+---+----+------------+------------+
    |    Variable Name    | Operation| DSP| FF| LUT| Bitwidth P0| Bitwidth P1|
    +---------------------+----------+----+---+----+------------+------------+
    |add_ln101_fu_353_p2  |         +|   0|  0|  39|          32|          32|
    |add_ln103_fu_369_p2  |         +|   0|  0|  39|          32|          32|
    |add_ln104_fu_383_p2  |         +|   0|  0|  39|          32|          32|
    |bot_fu_312_p2        |         +|   0|  0|  17|          10|          10|
    |k_2_fu_256_p2        |         +|   0|  0|  17|          10|           1|
    |top_fu_296_p2        |         +|   0|  0|  17|          10|          10|
    |sub_ln105_fu_375_p2  |         -|   0|  0|  39|          32|          32|
    |sub_ln106_fu_389_p2  |         -|   0|  0|  39|          32|          32|
    |sub_ln98_fu_334_p2   |         -|   0|  0|  39|          32|          32|
    |pos_fu_272_p2        |       and|   0|  0|   9|           9|           9|
    |icmp_ln80_fu_250_p2  |      icmp|   0|  0|  18|          10|          11|
    |group_fu_266_p2      |      lshr|   0|  0|  20|          10|          10|
    |shl_ln85_fu_282_p2   |       shl|   0|  0|  20|          10|          10|
    |tw_idx_fu_301_p2     |       shl|   0|  0|  20|          10|          10|
    |ap_enable_pp0        |       xor|   0|  0|   2|           1|           2|
    +---------------------+----------+----+---+----+------------+------------+
    |Total                |          |   0|  0| 374|         272|         265|
    +---------------------+----------+----+---+----+------------+------------+

    * Multiplexer: 
    +----------------------------------+----+-----------+-----+-----------+
    |               Name               | LUT| Input Size| Bits| Total Bits|
    +----------------------------------+----+-----------+-----+-----------+
    |ap_NS_fsm                         |  14|          3|    1|          3|
    |ap_done_int                       |   9|          2|    1|          2|
    |ap_enable_reg_pp0_iter0           |   9|          2|    1|          2|
    |ap_enable_reg_pp0_iter1           |   9|          2|    1|          2|
    |ap_enable_reg_pp0_iter5           |   9|          2|    1|          2|
    |ap_loop_exit_ready_pp0_iter1_reg  |   9|          2|    1|          2|
    |ap_loop_exit_ready_pp0_iter2_reg  |   9|          2|    1|          2|
    |ap_loop_exit_ready_pp0_iter3_reg  |   9|          2|    1|          2|
    |ap_loop_exit_ready_pp0_iter4_reg  |   9|          2|    1|          2|
    |ap_sig_allocacmp_k_1              |   9|          2|   10|         20|
    |grp_fu_218_p0                     |  14|          3|   32|         96|
    |grp_fu_218_p1                     |  14|          3|   15|         45|
    |grp_fu_222_p0                     |  14|          3|   32|         96|
    |grp_fu_222_p1                     |  14|          3|   16|         48|
    |imag_address0_local               |  14|          3|   10|         30|
    |k_fu_66                           |   9|          2|   10|         20|
    |out_imag_address1_local           |  14|          3|   10|         30|
    |out_imag_d1_local                 |  14|          3|   32|         96|
    |out_real_address1_local           |  14|          3|   10|         30|
    |out_real_d1_local                 |  14|          3|   32|         96|
    |real_r_address0_local             |  14|          3|   10|         30|
    +----------------------------------+----+-----------+-----+-----------+
    |Total                             | 244|         53|  228|        656|
    +----------------------------------+----+-----------+-----+-----------+

    * Register: 
    +----------------------------------+----+----+-----+-----------+
    |               Name               | FF | LUT| Bits| Const Bits|
    +----------------------------------+----+----+-----+-----------+
    |a_imag_reg_517                    |  32|   0|   32|          0|
    |a_real_reg_501                    |  32|   0|   32|          0|
    |ap_CS_fsm                         |   2|   0|    2|          0|
    |ap_done_reg                       |   1|   0|    1|          0|
    |ap_enable_reg_pp0_iter0_reg       |   1|   0|    1|          0|
    |ap_enable_reg_pp0_iter1           |   1|   0|    1|          0|
    |ap_enable_reg_pp0_iter2           |   1|   0|    1|          0|
    |ap_enable_reg_pp0_iter3           |   1|   0|    1|          0|
    |ap_enable_reg_pp0_iter4           |   1|   0|    1|          0|
    |ap_enable_reg_pp0_iter5           |   1|   0|    1|          0|
    |ap_loop_exit_ready_pp0_iter1_reg  |   1|   0|    1|          0|
    |ap_loop_exit_ready_pp0_iter2_reg  |   1|   0|    1|          0|
    |ap_loop_exit_ready_pp0_iter3_reg  |   1|   0|    1|          0|
    |ap_loop_exit_ready_pp0_iter4_reg  |   1|   0|    1|          0|
    |b_imag_reg_473                    |  32|   0|   32|          0|
    |b_real_reg_467                    |  32|   0|   32|          0|
    |bw_imag_reg_523                   |  18|   0|   18|          0|
    |bw_real_reg_512                   |  18|   0|   18|          0|
    |icmp_ln80_reg_411                 |   1|   0|    1|          0|
    |k_fu_66                           |  10|   0|   10|          0|
    |pos_reg_415                       |   9|   0|    9|          0|
    |reg_226                           |  32|   0|   32|          0|
    |reg_230                           |  32|   0|   32|          0|
    |sext_ln89_reg_479                 |  32|   0|   32|          0|
    |sext_ln90_reg_484                 |  32|   0|   32|          0|
    |shl_ln85_reg_420                  |  10|   0|   10|          0|
    |sub_ln105_reg_528                 |  32|   0|   32|          0|
    |sub_ln106_reg_533                 |  32|   0|   32|          0|
    |sub_ln78_cast_cast_reg_406        |   4|   0|   10|          6|
    |top_reg_425                       |  10|   0|   10|          0|
    |top_reg_425_pp0_iter1_reg         |  10|   0|   10|          0|
    |w_imag_reg_446                    |  15|   0|   15|          0|
    |w_real_reg_441                    |  16|   0|   16|          0|
    |zext_ln92_reg_489                 |  10|   0|   64|         54|
    |zext_ln92_reg_489_pp0_iter3_reg   |  10|   0|   64|         54|
    |zext_ln94_reg_451                 |  10|   0|   64|         54|
    |icmp_ln80_reg_411                 |  64|  32|    1|          0|
    |zext_ln94_reg_451                 |  64|  32|   64|         54|
    +----------------------------------+----+----+-----+-----------+
    |Total                             | 612|  64|  717|        222|
    +----------------------------------+----+----+-----+-----------+



================================================================
== Interface
================================================================
* Summary: 
+--------------------+-----+-----+------------+-------------------------------------+--------------+
|      RTL Ports     | Dir | Bits|  Protocol  |            Source Object            |    C Type    |
+--------------------+-----+-----+------------+-------------------------------------+--------------+
|ap_clk              |   in|    1|  ap_ctrl_hs|  fft_kernel_Pipeline_VITIS_LOOP_80_7|  return value|
|ap_rst              |   in|    1|  ap_ctrl_hs|  fft_kernel_Pipeline_VITIS_LOOP_80_7|  return value|
|ap_start            |   in|    1|  ap_ctrl_hs|  fft_kernel_Pipeline_VITIS_LOOP_80_7|  return value|
|ap_done             |  out|    1|  ap_ctrl_hs|  fft_kernel_Pipeline_VITIS_LOOP_80_7|  return value|
|ap_idle             |  out|    1|  ap_ctrl_hs|  fft_kernel_Pipeline_VITIS_LOOP_80_7|  return value|
|ap_ready            |  out|    1|  ap_ctrl_hs|  fft_kernel_Pipeline_VITIS_LOOP_80_7|  return value|
|grp_fu_534_p_din0   |  out|   32|  ap_ctrl_hs|  fft_kernel_Pipeline_VITIS_LOOP_80_7|  return value|
|grp_fu_534_p_din1   |  out|   16|  ap_ctrl_hs|  fft_kernel_Pipeline_VITIS_LOOP_80_7|  return value|
|grp_fu_534_p_dout0  |   in|   32|  ap_ctrl_hs|  fft_kernel_Pipeline_VITIS_LOOP_80_7|  return value|
|grp_fu_534_p_ce     |  out|    1|  ap_ctrl_hs|  fft_kernel_Pipeline_VITIS_LOOP_80_7|  return value|
|zext_ln75           |   in|    4|     ap_none|                            zext_ln75|        scalar|
|sub78               |   in|    9|     ap_none|                                sub78|        scalar|
|zext_ln78           |   in|    4|     ap_none|                            zext_ln78|        scalar|
|half_stride         |   in|   10|     ap_none|                          half_stride|        scalar|
|sub_ln78_cast       |   in|    4|     ap_none|                        sub_ln78_cast|        scalar|
|real_r_address0     |  out|   10|   ap_memory|                               real_r|         array|
|real_r_ce0          |  out|    1|   ap_memory|                               real_r|         array|
|real_r_q0           |   in|   32|   ap_memory|                               real_r|         array|
|imag_address0       |  out|   10|   ap_memory|                                 imag|         array|
|imag_ce0            |  out|    1|   ap_memory|                                 imag|         array|
|imag_q0             |   in|   32|   ap_memory|                                 imag|         array|
|out_real_address1   |  out|   10|   ap_memory|                             out_real|         array|
|out_real_ce1        |  out|    1|   ap_memory|                             out_real|         array|
|out_real_we1        |  out|    1|   ap_memory|                             out_real|         array|
|out_real_d1         |  out|   32|   ap_memory|                             out_real|         array|
|out_imag_address1   |  out|   10|   ap_memory|                             out_imag|         array|
|out_imag_ce1        |  out|    1|   ap_memory|                             out_imag|         array|
|out_imag_we1        |  out|    1|   ap_memory|                             out_imag|         array|
|out_imag_d1         |  out|   32|   ap_memory|                             out_imag|         array|
+--------------------+-----+-----+------------+-------------------------------------+--------------+

