

================================================================
== Vitis HLS Report for 'fft_kernel_Pipeline_VITIS_LOOP_55_3'
================================================================
* Date:           Mon Jun  1 09:29:34 2026

* Version:        2024.1 (Build 5069499 on May 21 2024)
* Project:        hls_component
* Solution:       hls (Vivado IP Flow Target)
* Product family: virtexuplusHBM
* Target device:  xcvu47p-fsvh2892-2-e


================================================================
== Performance Estimates
================================================================
+ Timing: 
    * Summary: 
    +--------+---------+----------+------------+
    |  Clock |  Target | Estimated| Uncertainty|
    +--------+---------+----------+------------+
    |ap_clk  |  3.00 ns|  2.100 ns|     0.81 ns|
    +--------+---------+----------+------------+

+ Latency: 
    * Summary: 
    +---------+---------+----------+----------+------+------+-----------------------------------------------+
    |  Latency (cycles) |  Latency (absolute) |   Interval  |                    Pipeline                   |
    |   min   |   max   |    min   |    max   |  min |  max |                      Type                     |
    +---------+---------+----------+----------+------+------+-----------------------------------------------+
    |     1030|     1030|  3.090 us|  3.090 us|  1025|  1025|  loop auto-rewind stp(delay=0 clock cycles(s))|
    +---------+---------+----------+----------+------+------+-----------------------------------------------+

    + Detail: 
        * Instance: 
        N/A

        * Loop: 
        +-------------------+---------+---------+----------+-----------+-----------+------+----------+
        |                   |  Latency (cycles) | Iteration|  Initiation Interval  | Trip |          |
        |     Loop Name     |   min   |   max   |  Latency |  achieved |   target  | Count| Pipelined|
        +-------------------+---------+---------+----------+-----------+-----------+------+----------+
        |- VITIS_LOOP_55_3  |     1028|     1028|         6|          1|          1|  1024|       yes|
        +-------------------+---------+---------+----------+-----------+-----------+------+----------+



================================================================
== Utilization Estimates
================================================================
* Summary: 
+---------------------+---------+------+---------+---------+-----+
|         Name        | BRAM_18K|  DSP |    FF   |   LUT   | URAM|
+---------------------+---------+------+---------+---------+-----+
|DSP                  |        -|     -|        -|        -|    -|
|Expression           |        -|     -|        0|       39|    -|
|FIFO                 |        -|     -|        -|        -|    -|
|Instance             |        -|     2|      166|       49|    -|
|Memory               |        1|     -|        0|        0|    -|
|Multiplexer          |        -|     -|        0|       36|    -|
|Register             |        -|     -|      285|       64|    -|
+---------------------+---------+------+---------+---------+-----+
|Total                |        1|     2|      451|      188|    0|
+---------------------+---------+------+---------+---------+-----+
|Available SLR        |     1344|  3008|   869120|   434560|  320|
+---------------------+---------+------+---------+---------+-----+
|Utilization SLR (%)  |       ~0|    ~0|       ~0|       ~0|    0|
+---------------------+---------+------+---------+---------+-----+
|Available            |     4032|  9024|  2607360|  1303680|  960|
+---------------------+---------+------+---------+---------+-----+
|Utilization (%)      |       ~0|    ~0|       ~0|       ~0|    0|
+---------------------+---------+------+---------+---------+-----+

+ Detail: 
    * Instance: 
    +------------------------+---------------------+---------+----+-----+----+-----+
    |        Instance        |        Module       | BRAM_18K| DSP|  FF | LUT| URAM|
    +------------------------+---------------------+---------+----+-----+----+-----+
    |mul_32s_15ns_32_3_1_U8  |mul_32s_15ns_32_3_1  |        0|   2|  166|  49|    0|
    +------------------------+---------------------+---------+----+-----+----+-----+
    |Total                   |                     |        0|   2|  166|  49|    0|
    +------------------------+---------------------+---------+----+-----+----+-----+

    * DSP: 
    N/A

    * Memory: 
    +-----------+---------------------------------------------------------+---------+---+----+-----+------+-----+------+-------------+
    |   Memory  |                          Module                         | BRAM_18K| FF| LUT| URAM| Words| Bits| Banks| W*Bits*Banks|
    +-----------+---------------------------------------------------------+---------+---+----+-----+------+-----+------+-------------+
    |hamming_U  |fft_kernel_Pipeline_VITIS_LOOP_55_3_hamming_ROM_AUTO_1R  |        1|  0|   0|    0|  1024|   15|     1|        15360|
    +-----------+---------------------------------------------------------+---------+---+----+-----+------+-----+------+-------------+
    |Total      |                                                         |        1|  0|   0|    0|  1024|   15|     1|        15360|
    +-----------+---------------------------------------------------------+---------+---+----+-----+------+-----+------+-------------+

    * FIFO: 
    N/A

    * Expression: 
    +---------------------+----------+----+---+----+------------+------------+
    |    Variable Name    | Operation| DSP| FF| LUT| Bitwidth P0| Bitwidth P1|
    +---------------------+----------+----+---+----+------------+------------+
    |add_ln55_fu_117_p2   |         +|   0|  0|  18|          11|           1|
    |icmp_ln55_fu_111_p2  |      icmp|   0|  0|  19|          11|          12|
    |ap_enable_pp0        |       xor|   0|  0|   2|           1|           2|
    +---------------------+----------+----+---+----+------------+------------+
    |Total                |          |   0|  0|  39|          23|          15|
    +---------------------+----------+----+---+----+------------+------------+

    * Multiplexer: 
    +-------------------------+----+-----------+-----+-----------+
    |           Name          | LUT| Input Size| Bits| Total Bits|
    +-------------------------+----+-----------+-----+-----------+
    |ap_done_int              |   9|          2|    1|          2|
    |ap_enable_reg_pp0_iter1  |   9|          2|    1|          2|
    |ap_sig_allocacmp_i       |   9|          2|   11|         22|
    |i_1_fu_44                |   9|          2|   11|         22|
    +-------------------------+----+-----------+-----+-----------+
    |Total                    |  36|          8|   24|         48|
    +-------------------------+----+-----------+-----+-----------+

    * Register: 
    +----------------------------------+----+----+-----+-----------+
    |               Name               | FF | LUT| Bits| Const Bits|
    +----------------------------------+----+----+-----+-----------+
    |ap_CS_fsm                         |   1|   0|    1|          0|
    |ap_done_reg                       |   1|   0|    1|          0|
    |ap_enable_reg_pp0_iter1           |   1|   0|    1|          0|
    |ap_enable_reg_pp0_iter2           |   1|   0|    1|          0|
    |ap_enable_reg_pp0_iter3           |   1|   0|    1|          0|
    |ap_enable_reg_pp0_iter4           |   1|   0|    1|          0|
    |ap_enable_reg_pp0_iter5           |   1|   0|    1|          0|
    |ap_loop_exit_ready_pp0_iter1_reg  |   1|   0|    1|          0|
    |ap_loop_exit_ready_pp0_iter2_reg  |   1|   0|    1|          0|
    |ap_loop_exit_ready_pp0_iter3_reg  |   1|   0|    1|          0|
    |ap_loop_exit_ready_pp0_iter4_reg  |   1|   0|    1|          0|
    |i_1_fu_44                         |  11|   0|   11|          0|
    |imag_addr_1_reg_190               |  10|   0|   10|          0|
    |imag_load_reg_206                 |  32|   0|   32|          0|
    |real_addr_1_reg_184               |  10|   0|   10|          0|
    |real_load_reg_201                 |  32|   0|   32|          0|
    |trunc_ln1_reg_217                 |  18|   0|   18|          0|
    |trunc_ln2_reg_222                 |  18|   0|   18|          0|
    |w_reg_196                         |  15|   0|   15|          0|
    |imag_addr_1_reg_190               |  64|  32|   10|          0|
    |real_addr_1_reg_184               |  64|  32|   10|          0|
    +----------------------------------+----+----+-----+-----------+
    |Total                             | 285|  64|  177|          0|
    +----------------------------------+----+----+-----+-----------+



================================================================
== Interface
================================================================
* Summary: 
+--------------------+-----+-----+------------+-------------------------------------+--------------+
|      RTL Ports     | Dir | Bits|  Protocol  |            Source Object            |    C Type    |
+--------------------+-----+-----+------------+-------------------------------------+--------------+
|ap_clk              |   in|    1|  ap_ctrl_hs|  fft_kernel_Pipeline_VITIS_LOOP_55_3|  return value|
|ap_rst              |   in|    1|  ap_ctrl_hs|  fft_kernel_Pipeline_VITIS_LOOP_55_3|  return value|
|ap_start            |   in|    1|  ap_ctrl_hs|  fft_kernel_Pipeline_VITIS_LOOP_55_3|  return value|
|ap_done             |  out|    1|  ap_ctrl_hs|  fft_kernel_Pipeline_VITIS_LOOP_55_3|  return value|
|ap_idle             |  out|    1|  ap_ctrl_hs|  fft_kernel_Pipeline_VITIS_LOOP_55_3|  return value|
|ap_ready            |  out|    1|  ap_ctrl_hs|  fft_kernel_Pipeline_VITIS_LOOP_55_3|  return value|
|grp_fu_534_p_din0   |  out|   32|  ap_ctrl_hs|  fft_kernel_Pipeline_VITIS_LOOP_55_3|  return value|
|grp_fu_534_p_din1   |  out|   15|  ap_ctrl_hs|  fft_kernel_Pipeline_VITIS_LOOP_55_3|  return value|
|grp_fu_534_p_dout0  |   in|   32|  ap_ctrl_hs|  fft_kernel_Pipeline_VITIS_LOOP_55_3|  return value|
|grp_fu_534_p_ce     |  out|    1|  ap_ctrl_hs|  fft_kernel_Pipeline_VITIS_LOOP_55_3|  return value|
|real_r_address0     |  out|   10|   ap_memory|                               real_r|         array|
|real_r_ce0          |  out|    1|   ap_memory|                               real_r|         array|
|real_r_q0           |   in|   32|   ap_memory|                               real_r|         array|
|real_r_address1     |  out|   10|   ap_memory|                               real_r|         array|
|real_r_ce1          |  out|    1|   ap_memory|                               real_r|         array|
|real_r_we1          |  out|    1|   ap_memory|                               real_r|         array|
|real_r_d1           |  out|   32|   ap_memory|                               real_r|         array|
|imag_address0       |  out|   10|   ap_memory|                                 imag|         array|
|imag_ce0            |  out|    1|   ap_memory|                                 imag|         array|
|imag_q0             |   in|   32|   ap_memory|                                 imag|         array|
|imag_address1       |  out|   10|   ap_memory|                                 imag|         array|
|imag_ce1            |  out|    1|   ap_memory|                                 imag|         array|
|imag_we1            |  out|    1|   ap_memory|                                 imag|         array|
|imag_d1             |  out|   32|   ap_memory|                                 imag|         array|
+--------------------+-----+-----+------------+-------------------------------------+--------------+

